// Jest Snapshot v1, https://goo.gl/fbAQLP

exports[`ForgotHeader Snapshot renders ForgotHeader unchanged 1`] = `
<div>
  <h1
    class="text-[300%]"
  >
    Create your new password
  </h1>
</div>
`;
