// Jest Snapshot v1, https://goo.gl/fbAQLP

exports[`Layout snapshot renders LoginFooter unchanged 1`] = `
<div>
  <div
    class="layout"
  >
    <p>
      test children
    </p>
  </div>
</div>
`;
