// Jest Snapshot v1, https://goo.gl/fbAQLP

exports[`Button Snapshot renders SecondButtonSection unchanged 1`] = `
<div>
  <button
    class="button"
  >
    Save
  </button>
</div>
`;
