// Jest Snapshot v1, https://goo.gl/fbAQLP

exports[`LoginHeader snapshot renders LoginHeader unchanged 1`] = `
<div>
  <div
    class="select-none"
  >
    <h1
      class="text-[300%]"
    >
      Let’s sign you in!
    </h1>
    <h3>
      Welcome back,
    </h3>
    <h3>
      you’ve been missed!
    </h3>
  </div>
</div>
`;
