// Jest Snapshot v1, https://goo.gl/fbAQLP

exports[`forgot snapshot renders homepage unchanged 1`] = `
<div>
  <div>
    forgot
  </div>
</div>
`;
